
≡ƒº¬ Starting API Integration Tests...

API Base URL: http://localhost:5001/api
Auth Token: NOT SET Γ£ù
============================================================

ΓÜá∩╕Å  Running without authentication - only testing endpoint availability
   Some endpoints may return 401 Unauthorized

≡ƒôª Testing Sync Service...

Γ¥î Get Sync Status - FAILED (111ms)
   Error: No token provided, authorization denied
Γ¥î Get Sync History - FAILED (10ms)
   Error: No token provided, authorization denied
Γ¥î Get Sync Health - FAILED (7ms)
   Error: No token provided, authorization denied

≡ƒæñ Testing Profile Service...

Γ¥î Get Customer View Profile - FAILED (6ms)
   Error: No token provided, authorization denied
Γ¥î Get Visibility Settings - FAILED (7ms)
   Error: No token provided, authorization denied
Γ¥î Get Customer Reviews - FAILED (5ms)
   Error: No token provided, authorization denied

≡ƒôè Testing Bulk Operations...

Γ¥î Download CSV Template - FAILED (5ms)
   Error: No token provided, authorization denied

============================================================

≡ƒôè Test Results Summary:

Total Tests: 7
Γ£à Passed: 0
Γ¥î Failed: 7
Success Rate: 0.0%

Γ¥î Failed Tests:
  1. No token provided, authorization denied
  2. No token provided, authorization denied
  3. No token provided, authorization denied
  4. No token provided, authorization denied
  5. No token provided, authorization denied
  6. No token provided, authorization denied
  7. No token provided, authorization denied

============================================================

